{
  "linkGroupName": "Date Based Calendar",
  "calendars": [
    {
      "url": "C:\\Users\\user\\OneDrive\\Desktop\\Internship_tasks\\final calmerg\\test\\test_calendars\\holiday_calendar_2023.ics",
      "prefix": "holiday_calendar_2023",
      "override": false
    },
    {
      "url": "C:\\Users\\user\\OneDrive\\Desktop\\Internship_tasks\\final calmerg\\test\\test_calendars\\US_Holidays.ics",
      "prefix": "US_holidays",
      "override": false
    }
  ]
}