{
  "linkGroupName": "Merged Date and Time Based Calendar",
  "calendars": [
    {
      "url": "C:\\Users\\user\\OneDrive\\Desktop\\Internship_tasks\\final calmerg\\test\\test_calendars\\holiday_calendar_2023.ics",
      "prefix": "Holiday_2023",
      "override": false
    },
    {
      "url": "C:\\Users\\user\\OneDrive\\Desktop\\Internship_tasks\\final calmerg\\test\\test_calendars\\work_task_calendar.ics",
      "prefix": "Work_Task",
      "override": false
    }
  ]
}