{
  "linkGroupName": "No Prefix Calendar",
  "calendars": [
    {
      "url": "C:\\Users\\user\\OneDrive\\Desktop\\Internship_tasks\\final calmerg\\test\\test_calendars\\sf_public_holidays.ics",
      "prefix": "",
      "override": false
    }
  ]
}