{
  "linkGroupName": "Override Calendar",
  "calendars": [
    {
      "url": "C:\\Users\\user\\OneDrive\\Desktop\\Internship_tasks\\final calmerg\\test\\test_calendars\\sf_public_holidays.ics",
      "prefix": "Override Event",
      "override": true
    }
  ]
}