{
  "id": "No_Prefix_Calendar",
  "linkGroupName": "No Prefix Calendar",
  "calendars": [
    {
      "url": "C:\\Users\\user\\OneDrive\\Desktop\\Internship tasks\\final calmerg\\test_calendars\\San_Francisco_Public_Holidays.ics",
      "prefix": "",
      "override": false
    }
  ]
}